error[E0594]: cannot assign to data in a `&` reference
  --> $DIR/readme.rs:21:5
   |
21 |     s.n += 1;
   |     ^^^^^^^^ cannot assign
